12:02:36 **** Auto Build of configuration Debug for project IndividualProject ****
make pre-build main-build 
a9-linaro-pre-build-step
 
Building file: ../src/sprites.c
Invoking: ARM v7 gcc compiler
arm-none-eabi-gcc -Wall -O0 -g3 -c -fmessage-length=0 -MT"src/sprites.o" -mcpu=cortex-a9 -mfpu=vfpv3 -mfloat-abi=hard -I../../IndividualProject_bsp/ps7_cortexa9_0/include -MMD -MP -MF"src/sprites.d" -MT"src/sprites.o" -o "src/sprites.o" "../src/sprites.c"
Finished building: ../src/sprites.c
 
Building target: IndividualProject.elf
Invoking: ARM v7 gcc linker
arm-none-eabi-gcc -mcpu=cortex-a9 -mfpu=vfpv3 -mfloat-abi=hard -Wl,-build-id=none -specs=Xilinx.spec -Wl,-T -Wl,../src/lscript.ld -L../../IndividualProject_bsp/ps7_cortexa9_0/lib -o "IndividualProject.elf"  ./src/gpios.o ./src/helloworld.o ./src/led_matrix.o ./src/platform.o ./src/sprites.o ./src/xadc.o   -Wl,--start-group,-lxil,-lgcc,-lc,--end-group
Finished building target: IndividualProject.elf
 
Invoking: ARM v7 Print Size
arm-none-eabi-size IndividualProject.elf  |tee "IndividualProject.elf.size"
   text	   data	    bss	    dec	    hex	filename
  49760	   1256	  22904	  73920	  120c0	IndividualProject.elf
Finished building: IndividualProject.elf.size
 

12:02:37 Build Finished (took 563ms)

