11:36:30 **** Auto Build of configuration Debug for project XADC_intr ****
make pre-build main-build 
a9-linaro-pre-build-step
 
Building file: ../src/main.c
Invoking: ARM v7 gcc compiler
arm-none-eabi-gcc -Wall -O0 -g3 -c -fmessage-length=0 -MT"src/main.o" -mcpu=cortex-a9 -mfpu=vfpv3 -mfloat-abi=hard -I../../XADC_intr_bsp/ps7_cortexa9_0/include -MMD -MP -MF"src/main.d" -MT"src/main.o" -o "src/main.o" "../src/main.c"
Finished building: ../src/main.c
 
Building target: XADC_intr.elf
Invoking: ARM v7 gcc linker
arm-none-eabi-gcc -mcpu=cortex-a9 -mfpu=vfpv3 -mfloat-abi=hard -Wl,-build-id=none -specs=Xilinx.spec -Wl,-T -Wl,../src/lscript.ld -L../../XADC_intr_bsp/ps7_cortexa9_0/lib -o "XADC_intr.elf"  ./src/main.o ./src/platform.o ./src/xadc.o   -Wl,--start-group,-lxil,-lgcc,-lc,--end-group
Finished building target: XADC_intr.elf
 
Invoking: ARM v7 Print Size
arm-none-eabi-size XADC_intr.elf  |tee "XADC_intr.elf.size"
   text	   data	    bss	    dec	    hex	filename
  33880	   1928	  22616	  58424	   e438	XADC_intr.elf
Finished building: XADC_intr.elf.size
 

11:36:30 Build Finished (took 575ms)

